../Core/Src/main.c:71:5:main	8	static
../Core/Src/main.c:176:6:SystemClock_Config	160	static
../Core/Src/main.c:224:13:MX_SPI2_Init	8	static
../Core/Src/main.c:264:13:MX_UART4_Init	8	static
../Core/Src/main.c:299:13:MX_USART2_UART_Init	8	static
../Core/Src/main.c:334:13:MX_GPIO_Init	48	static
../Core/Src/main.c:401:5:peak_index	32	static
../Core/Src/main.c:417:6:print_data	24	static
../Core/Src/main.c:438:6:set_configuration	16	static
../Core/Src/main.c:452:5:_write	24	static
../Core/Src/main.c:464:6:Error_Handler	4	static,ignoring_inline_asm
