14:50:34 **** Incremental Build of configuration Debug for project Personcounter ****
make -j8 all 
arm-none-eabi-gcc "../Core/Src/acc_hal_integration_stm32cube_2x_sparkfun_a111.c" -mcpu=cortex-m4 -std=gnu99 -g3 -DDEBUG -DUSE_HAL_DRIVER -DSTM32F303xE -c -I../Core/Inc -I../Drivers/STM32F3xx_HAL_Driver/Inc -I../Drivers/STM32F3xx_HAL_Driver/Inc/Legacy -I../Drivers/CMSIS/Device/ST/STM32F3xx/Include -I../Drivers/CMSIS/Include -I"C:/Users/rico/Documents/Elektrotechniek/Jaar 4/Afstudeerstage/project/Software/Personcounter/cortex_m4/rss/include" -I"C:/Users/rico/Documents/Elektrotechniek/Jaar 4/Afstudeerstage/project/Software/Personcounter/cortex_m4/integration" -I"C:/Users/rico/Documents/Elektrotechniek/Jaar 4/Afstudeerstage/project/Software/Personcounter/cortex_m4/examples" -O0 -ffunction-sections -fdata-sections -Wall -fstack-usage -fcyclomatic-complexity -MMD -MP -MF"Core/Src/acc_hal_integration_stm32cube_2x_sparkfun_a111.d" -MT"Core/Src/acc_hal_integration_stm32cube_2x_sparkfun_a111.o" --specs=nano.specs -mfpu=fpv4-sp-d16 -mfloat-abi=hard -mthumb -o "Core/Src/acc_hal_integration_stm32cube_2x_sparkfun_a111.o"
arm-none-eabi-gcc "../Core/Src/acc_integration_stm32.c" -mcpu=cortex-m4 -std=gnu99 -g3 -DDEBUG -DUSE_HAL_DRIVER -DSTM32F303xE -c -I../Core/Inc -I../Drivers/STM32F3xx_HAL_Driver/Inc -I../Drivers/STM32F3xx_HAL_Driver/Inc/Legacy -I../Drivers/CMSIS/Device/ST/STM32F3xx/Include -I../Drivers/CMSIS/Include -I"C:/Users/rico/Documents/Elektrotechniek/Jaar 4/Afstudeerstage/project/Software/Personcounter/cortex_m4/rss/include" -I"C:/Users/rico/Documents/Elektrotechniek/Jaar 4/Afstudeerstage/project/Software/Personcounter/cortex_m4/integration" -I"C:/Users/rico/Documents/Elektrotechniek/Jaar 4/Afstudeerstage/project/Software/Personcounter/cortex_m4/examples" -O0 -ffunction-sections -fdata-sections -Wall -fstack-usage -fcyclomatic-complexity -MMD -MP -MF"Core/Src/acc_integration_stm32.d" -MT"Core/Src/acc_integration_stm32.o" --specs=nano.specs -mfpu=fpv4-sp-d16 -mfloat-abi=hard -mthumb -o "Core/Src/acc_integration_stm32.o"
arm-none-eabi-gcc "../Core/Src/data.c" -mcpu=cortex-m4 -std=gnu99 -g3 -DDEBUG -DUSE_HAL_DRIVER -DSTM32F303xE -c -I../Core/Inc -I../Drivers/STM32F3xx_HAL_Driver/Inc -I../Drivers/STM32F3xx_HAL_Driver/Inc/Legacy -I../Drivers/CMSIS/Device/ST/STM32F3xx/Include -I../Drivers/CMSIS/Include -I"C:/Users/rico/Documents/Elektrotechniek/Jaar 4/Afstudeerstage/project/Software/Personcounter/cortex_m4/rss/include" -I"C:/Users/rico/Documents/Elektrotechniek/Jaar 4/Afstudeerstage/project/Software/Personcounter/cortex_m4/integration" -I"C:/Users/rico/Documents/Elektrotechniek/Jaar 4/Afstudeerstage/project/Software/Personcounter/cortex_m4/examples" -O0 -ffunction-sections -fdata-sections -Wall -fstack-usage -fcyclomatic-complexity -MMD -MP -MF"Core/Src/data.d" -MT"Core/Src/data.o" --specs=nano.specs -mfpu=fpv4-sp-d16 -mfloat-abi=hard -mthumb -o "Core/Src/data.o"
arm-none-eabi-gcc "../Core/Src/logic.c" -mcpu=cortex-m4 -std=gnu99 -g3 -DDEBUG -DUSE_HAL_DRIVER -DSTM32F303xE -c -I../Core/Inc -I../Drivers/STM32F3xx_HAL_Driver/Inc -I../Drivers/STM32F3xx_HAL_Driver/Inc/Legacy -I../Drivers/CMSIS/Device/ST/STM32F3xx/Include -I../Drivers/CMSIS/Include -I"C:/Users/rico/Documents/Elektrotechniek/Jaar 4/Afstudeerstage/project/Software/Personcounter/cortex_m4/rss/include" -I"C:/Users/rico/Documents/Elektrotechniek/Jaar 4/Afstudeerstage/project/Software/Personcounter/cortex_m4/integration" -I"C:/Users/rico/Documents/Elektrotechniek/Jaar 4/Afstudeerstage/project/Software/Personcounter/cortex_m4/examples" -O0 -ffunction-sections -fdata-sections -Wall -fstack-usage -fcyclomatic-complexity -MMD -MP -MF"Core/Src/logic.d" -MT"Core/Src/logic.o" --specs=nano.specs -mfpu=fpv4-sp-d16 -mfloat-abi=hard -mthumb -o "Core/Src/logic.o"
arm-none-eabi-gcc "../Core/Src/main.c" -mcpu=cortex-m4 -std=gnu99 -g3 -DDEBUG -DUSE_HAL_DRIVER -DSTM32F303xE -c -I../Core/Inc -I../Drivers/STM32F3xx_HAL_Driver/Inc -I../Drivers/STM32F3xx_HAL_Driver/Inc/Legacy -I../Drivers/CMSIS/Device/ST/STM32F3xx/Include -I../Drivers/CMSIS/Include -I"C:/Users/rico/Documents/Elektrotechniek/Jaar 4/Afstudeerstage/project/Software/Personcounter/cortex_m4/rss/include" -I"C:/Users/rico/Documents/Elektrotechniek/Jaar 4/Afstudeerstage/project/Software/Personcounter/cortex_m4/integration" -I"C:/Users/rico/Documents/Elektrotechniek/Jaar 4/Afstudeerstage/project/Software/Personcounter/cortex_m4/examples" -O0 -ffunction-sections -fdata-sections -Wall -fstack-usage -fcyclomatic-complexity -MMD -MP -MF"Core/Src/main.d" -MT"Core/Src/main.o" --specs=nano.specs -mfpu=fpv4-sp-d16 -mfloat-abi=hard -mthumb -o "Core/Src/main.o"
arm-none-eabi-gcc "../Core/Src/stm32f3xx_hal_msp.c" -mcpu=cortex-m4 -std=gnu99 -g3 -DDEBUG -DUSE_HAL_DRIVER -DSTM32F303xE -c -I../Core/Inc -I../Drivers/STM32F3xx_HAL_Driver/Inc -I../Drivers/STM32F3xx_HAL_Driver/Inc/Legacy -I../Drivers/CMSIS/Device/ST/STM32F3xx/Include -I../Drivers/CMSIS/Include -I"C:/Users/rico/Documents/Elektrotechniek/Jaar 4/Afstudeerstage/project/Software/Personcounter/cortex_m4/rss/include" -I"C:/Users/rico/Documents/Elektrotechniek/Jaar 4/Afstudeerstage/project/Software/Personcounter/cortex_m4/integration" -I"C:/Users/rico/Documents/Elektrotechniek/Jaar 4/Afstudeerstage/project/Software/Personcounter/cortex_m4/examples" -O0 -ffunction-sections -fdata-sections -Wall -fstack-usage -fcyclomatic-complexity -MMD -MP -MF"Core/Src/stm32f3xx_hal_msp.d" -MT"Core/Src/stm32f3xx_hal_msp.o" --specs=nano.specs -mfpu=fpv4-sp-d16 -mfloat-abi=hard -mthumb -o "Core/Src/stm32f3xx_hal_msp.o"
arm-none-eabi-gcc "../Core/Src/stm32f3xx_it.c" -mcpu=cortex-m4 -std=gnu99 -g3 -DDEBUG -DUSE_HAL_DRIVER -DSTM32F303xE -c -I../Core/Inc -I../Drivers/STM32F3xx_HAL_Driver/Inc -I../Drivers/STM32F3xx_HAL_Driver/Inc/Legacy -I../Drivers/CMSIS/Device/ST/STM32F3xx/Include -I../Drivers/CMSIS/Include -I"C:/Users/rico/Documents/Elektrotechniek/Jaar 4/Afstudeerstage/project/Software/Personcounter/cortex_m4/rss/include" -I"C:/Users/rico/Documents/Elektrotechniek/Jaar 4/Afstudeerstage/project/Software/Personcounter/cortex_m4/integration" -I"C:/Users/rico/Documents/Elektrotechniek/Jaar 4/Afstudeerstage/project/Software/Personcounter/cortex_m4/examples" -O0 -ffunction-sections -fdata-sections -Wall -fstack-usage -fcyclomatic-complexity -MMD -MP -MF"Core/Src/stm32f3xx_it.d" -MT"Core/Src/stm32f3xx_it.o" --specs=nano.specs -mfpu=fpv4-sp-d16 -mfloat-abi=hard -mthumb -o "Core/Src/stm32f3xx_it.o"
../Core/Src/main.c: In function 'main':
../Core/Src/main.c:140:37: warning: unused variable 'result_info2' [-Wunused-variable]
  140 |  acc_service_envelope_result_info_t result_info2;
      |                                     ^~~~~~~~~~~~
../Core/Src/main.c:138:11: warning: unused variable 'data2' [-Wunused-variable]
  138 |  uint16_t data2[envelope_metadata.data_length];
      |           ^~~~~
arm-none-eabi-gcc -o "Personcounter.elf" @"objects.list"  -lacconeer -mcpu=cortex-m4 -T"C:\Users\rico\Documents\Elektrotechniek\Jaar 4\Afstudeerstage\project\Software\Personcounter\STM32F303RETX_FLASH.ld" --specs=nosys.specs -Wl,-Map="Personcounter.map" -Wl,--gc-sections -static -L"C:\Users\rico\Documents\Elektrotechniek\Jaar 4\Afstudeerstage\project\Software\Personcounter\cortex_m4\rss\lib" --specs=nano.specs -mfpu=fpv4-sp-d16 -mfloat-abi=hard -mthumb -Wl,--start-group -lc -lm -Wl,--end-group
Finished building target: Personcounter.elf
 
arm-none-eabi-size   Personcounter.elf 
arm-none-eabi-objdump -h -S  Personcounter.elf  > "Personcounter.list"
   text	   data	    bss	    dec	    hex	filename
  83648	    408	   2144	  86200	  150b8	Personcounter.elf
Finished building: default.size.stdout
 
Finished building: Personcounter.list
 
14:52:26 **** Incremental Build of configuration Debug for project Personcounter ****
make -j8 all 
arm-none-eabi-size   Personcounter.elf 
   text	   data	    bss	    dec	    hex	filename
  83648	    408	   2144	  86200	  150b8	Personcounter.elf
Finished building: default.size.stdout
 
14:53:41 **** Incremental Build of configuration Debug for project Personcounter ****
make -j8 all 
arm-none-eabi-gcc "../Core/Src/main.c" -mcpu=cortex-m4 -std=gnu99 -g3 -DDEBUG -DUSE_HAL_DRIVER -DSTM32F303xE -c -I../Core/Inc -I../Drivers/STM32F3xx_HAL_Driver/Inc -I../Drivers/STM32F3xx_HAL_Driver/Inc/Legacy -I../Drivers/CMSIS/Device/ST/STM32F3xx/Include -I../Drivers/CMSIS/Include -I"C:/Users/rico/Documents/Elektrotechniek/Jaar 4/Afstudeerstage/project/Software/Personcounter/cortex_m4/rss/include" -I"C:/Users/rico/Documents/Elektrotechniek/Jaar 4/Afstudeerstage/project/Software/Personcounter/cortex_m4/integration" -I"C:/Users/rico/Documents/Elektrotechniek/Jaar 4/Afstudeerstage/project/Software/Personcounter/cortex_m4/examples" -O0 -ffunction-sections -fdata-sections -Wall -fstack-usage -fcyclomatic-complexity -MMD -MP -MF"Core/Src/main.d" -MT"Core/Src/main.o" --specs=nano.specs -mfpu=fpv4-sp-d16 -mfloat-abi=hard -mthumb -o "Core/Src/main.o"
../Core/Src/main.c: In function 'main':
../Core/Src/main.c:140:37: warning: unused variable 'result_info2' [-Wunused-variable]
  140 |  acc_service_envelope_result_info_t result_info2;
      |                                     ^~~~~~~~~~~~
../Core/Src/main.c:138:11: warning: unused variable 'data2' [-Wunused-variable]
  138 |  uint16_t data2[envelope_metadata.data_length];
      |           ^~~~~
arm-none-eabi-gcc -o "Personcounter.elf" @"objects.list"  -lacconeer -mcpu=cortex-m4 -T"C:\Users\rico\Documents\Elektrotechniek\Jaar 4\Afstudeerstage\project\Software\Personcounter\STM32F303RETX_FLASH.ld" --specs=nosys.specs -Wl,-Map="Personcounter.map" -Wl,--gc-sections -static -L"C:\Users\rico\Documents\Elektrotechniek\Jaar 4\Afstudeerstage\project\Software\Personcounter\cortex_m4\rss\lib" --specs=nano.specs -mfpu=fpv4-sp-d16 -mfloat-abi=hard -mthumb -Wl,--start-group -lc -lm -Wl,--end-group
Finished building target: Personcounter.elf
 
arm-none-eabi-size   Personcounter.elf 
arm-none-eabi-objdump -h -S  Personcounter.elf  > "Personcounter.list"
   text	   data	    bss	    dec	    hex	filename
  83344	    408	   2144	  85896	  14f88	Personcounter.elf
Finished building: default.size.stdout
 
Finished building: Personcounter.list
 
14:54:30 **** Incremental Build of configuration Debug for project Personcounter ****
make -j8 all 
arm-none-eabi-size   Personcounter.elf 
   text	   data	    bss	    dec	    hex	filename
  83344	    408	   2144	  85896	  14f88	Personcounter.elf
Finished building: default.size.stdout
 
14:56:05 **** Incremental Build of configuration Debug for project Personcounter ****
make -j8 all 
arm-none-eabi-size   Personcounter.elf 
   text	   data	    bss	    dec	    hex	filename
  83344	    408	   2144	  85896	  14f88	Personcounter.elf
Finished building: default.size.stdout
 
14:59:02 **** Incremental Build of configuration Debug for project Personcounter ****
make -j8 all 
arm-none-eabi-gcc "../Core/Src/main.c" -mcpu=cortex-m4 -std=gnu99 -g3 -DDEBUG -DUSE_HAL_DRIVER -DSTM32F303xE -c -I../Core/Inc -I../Drivers/STM32F3xx_HAL_Driver/Inc -I../Drivers/STM32F3xx_HAL_Driver/Inc/Legacy -I../Drivers/CMSIS/Device/ST/STM32F3xx/Include -I../Drivers/CMSIS/Include -I"C:/Users/rico/Documents/Elektrotechniek/Jaar 4/Afstudeerstage/project/Software/Personcounter/cortex_m4/rss/include" -I"C:/Users/rico/Documents/Elektrotechniek/Jaar 4/Afstudeerstage/project/Software/Personcounter/cortex_m4/integration" -I"C:/Users/rico/Documents/Elektrotechniek/Jaar 4/Afstudeerstage/project/Software/Personcounter/cortex_m4/examples" -O0 -ffunction-sections -fdata-sections -Wall -fstack-usage -fcyclomatic-complexity -MMD -MP -MF"Core/Src/main.d" -MT"Core/Src/main.o" --specs=nano.specs -mfpu=fpv4-sp-d16 -mfloat-abi=hard -mthumb -o "Core/Src/main.o"
../Core/Src/main.c: In function 'main':
../Core/Src/main.c:142:28: error: 'handle' undeclared (first use in this function)
  142 |  if (!acc_service_activate(handle))
      |                            ^~~~~~
../Core/Src/main.c:142:28: note: each undeclared identifier is reported only once for each function it appears in
../Core/Src/main.c:140:37: warning: unused variable 'result_info2' [-Wunused-variable]
  140 |  acc_service_envelope_result_info_t result_info2;
      |                                     ^~~~~~~~~~~~
../Core/Src/main.c:138:11: warning: unused variable 'data2' [-Wunused-variable]
  138 |  uint16_t data2[envelope_metadata.data_length];
      |           ^~~~~
make: *** [Core/Src/subdir.mk:52: Core/Src/main.o] Error 1
"make -j8 all" terminated with exit code 2. Build might be incomplete.
14:59:12 **** Incremental Build of configuration Debug for project Personcounter ****
make -j8 all 
arm-none-eabi-gcc "../Core/Src/main.c" -mcpu=cortex-m4 -std=gnu99 -g3 -DDEBUG -DUSE_HAL_DRIVER -DSTM32F303xE -c -I../Core/Inc -I../Drivers/STM32F3xx_HAL_Driver/Inc -I../Drivers/STM32F3xx_HAL_Driver/Inc/Legacy -I../Drivers/CMSIS/Device/ST/STM32F3xx/Include -I../Drivers/CMSIS/Include -I"C:/Users/rico/Documents/Elektrotechniek/Jaar 4/Afstudeerstage/project/Software/Personcounter/cortex_m4/rss/include" -I"C:/Users/rico/Documents/Elektrotechniek/Jaar 4/Afstudeerstage/project/Software/Personcounter/cortex_m4/integration" -I"C:/Users/rico/Documents/Elektrotechniek/Jaar 4/Afstudeerstage/project/Software/Personcounter/cortex_m4/examples" -O0 -ffunction-sections -fdata-sections -Wall -fstack-usage -fcyclomatic-complexity -MMD -MP -MF"Core/Src/main.d" -MT"Core/Src/main.o" --specs=nano.specs -mfpu=fpv4-sp-d16 -mfloat-abi=hard -mthumb -o "Core/Src/main.o"
../Core/Src/main.c: In function 'main':
../Core/Src/main.c:142:28: error: 'handle' undeclared (first use in this function)
  142 |  if (!acc_service_activate(handle))
      |                            ^~~~~~
../Core/Src/main.c:142:28: note: each undeclared identifier is reported only once for each function it appears in
../Core/Src/main.c:140:37: warning: unused variable 'result_info2' [-Wunused-variable]
  140 |  acc_service_envelope_result_info_t result_info2;
      |                                     ^~~~~~~~~~~~
../Core/Src/main.c:138:11: warning: unused variable 'data2' [-Wunused-variable]
  138 |  uint16_t data2[envelope_metadata.data_length];
      |           ^~~~~
make: *** [Core/Src/subdir.mk:52: Core/Src/main.o] Error 1
"make -j8 all" terminated with exit code 2. Build might be incomplete.
14:59:22 **** Incremental Build of configuration Debug for project Personcounter ****
make -j8 all 
arm-none-eabi-gcc "../Core/Src/main.c" -mcpu=cortex-m4 -std=gnu99 -g3 -DDEBUG -DUSE_HAL_DRIVER -DSTM32F303xE -c -I../Core/Inc -I../Drivers/STM32F3xx_HAL_Driver/Inc -I../Drivers/STM32F3xx_HAL_Driver/Inc/Legacy -I../Drivers/CMSIS/Device/ST/STM32F3xx/Include -I../Drivers/CMSIS/Include -I"C:/Users/rico/Documents/Elektrotechniek/Jaar 4/Afstudeerstage/project/Software/Personcounter/cortex_m4/rss/include" -I"C:/Users/rico/Documents/Elektrotechniek/Jaar 4/Afstudeerstage/project/Software/Personcounter/cortex_m4/integration" -I"C:/Users/rico/Documents/Elektrotechniek/Jaar 4/Afstudeerstage/project/Software/Personcounter/cortex_m4/examples" -O0 -ffunction-sections -fdata-sections -Wall -fstack-usage -fcyclomatic-complexity -MMD -MP -MF"Core/Src/main.d" -MT"Core/Src/main.o" --specs=nano.specs -mfpu=fpv4-sp-d16 -mfloat-abi=hard -mthumb -o "Core/Src/main.o"
../Core/Src/main.c: In function 'main':
../Core/Src/main.c:145:24: error: 'handle' undeclared (first use in this function)
  145 |   acc_service_destroy(&handle);
      |                        ^~~~~~
../Core/Src/main.c:145:24: note: each undeclared identifier is reported only once for each function it appears in
../Core/Src/main.c:140:37: warning: unused variable 'result_info2' [-Wunused-variable]
  140 |  acc_service_envelope_result_info_t result_info2;
      |                                     ^~~~~~~~~~~~
../Core/Src/main.c:138:11: warning: unused variable 'data2' [-Wunused-variable]
  138 |  uint16_t data2[envelope_metadata.data_length];
      |           ^~~~~
make: *** [Core/Src/subdir.mk:52: Core/Src/main.o] Error 1
"make -j8 all" terminated with exit code 2. Build might be incomplete.
14:59:40 **** Incremental Build of configuration Debug for project Personcounter ****
make -j8 all 
arm-none-eabi-gcc "../Core/Src/main.c" -mcpu=cortex-m4 -std=gnu99 -g3 -DDEBUG -DUSE_HAL_DRIVER -DSTM32F303xE -c -I../Core/Inc -I../Drivers/STM32F3xx_HAL_Driver/Inc -I../Drivers/STM32F3xx_HAL_Driver/Inc/Legacy -I../Drivers/CMSIS/Device/ST/STM32F3xx/Include -I../Drivers/CMSIS/Include -I"C:/Users/rico/Documents/Elektrotechniek/Jaar 4/Afstudeerstage/project/Software/Personcounter/cortex_m4/rss/include" -I"C:/Users/rico/Documents/Elektrotechniek/Jaar 4/Afstudeerstage/project/Software/Personcounter/cortex_m4/integration" -I"C:/Users/rico/Documents/Elektrotechniek/Jaar 4/Afstudeerstage/project/Software/Personcounter/cortex_m4/examples" -O0 -ffunction-sections -fdata-sections -Wall -fstack-usage -fcyclomatic-complexity -MMD -MP -MF"Core/Src/main.d" -MT"Core/Src/main.o" --specs=nano.specs -mfpu=fpv4-sp-d16 -mfloat-abi=hard -mthumb -o "Core/Src/main.o"
../Core/Src/main.c: In function 'main':
../Core/Src/main.c:140:37: warning: unused variable 'result_info2' [-Wunused-variable]
  140 |  acc_service_envelope_result_info_t result_info2;
      |                                     ^~~~~~~~~~~~
../Core/Src/main.c:138:11: warning: unused variable 'data2' [-Wunused-variable]
  138 |  uint16_t data2[envelope_metadata.data_length];
      |           ^~~~~
arm-none-eabi-gcc -o "Personcounter.elf" @"objects.list"  -lacconeer -mcpu=cortex-m4 -T"C:\Users\rico\Documents\Elektrotechniek\Jaar 4\Afstudeerstage\project\Software\Personcounter\STM32F303RETX_FLASH.ld" --specs=nosys.specs -Wl,-Map="Personcounter.map" -Wl,--gc-sections -static -L"C:\Users\rico\Documents\Elektrotechniek\Jaar 4\Afstudeerstage\project\Software\Personcounter\cortex_m4\rss\lib" --specs=nano.specs -mfpu=fpv4-sp-d16 -mfloat-abi=hard -mthumb -Wl,--start-group -lc -lm -Wl,--end-group
Finished building target: Personcounter.elf
 
arm-none-eabi-size   Personcounter.elf 
arm-none-eabi-objdump -h -S  Personcounter.elf  > "Personcounter.list"
   text	   data	    bss	    dec	    hex	filename
  83428	    408	   2144	  85980	  14fdc	Personcounter.elf
Finished building: default.size.stdout
 
Finished building: Personcounter.list
 
15:00:33 **** Incremental Build of configuration Debug for project Personcounter ****
make -j8 all 
arm-none-eabi-gcc "../Core/Src/main.c" -mcpu=cortex-m4 -std=gnu99 -g3 -DDEBUG -DUSE_HAL_DRIVER -DSTM32F303xE -c -I../Core/Inc -I../Drivers/STM32F3xx_HAL_Driver/Inc -I../Drivers/STM32F3xx_HAL_Driver/Inc/Legacy -I../Drivers/CMSIS/Device/ST/STM32F3xx/Include -I../Drivers/CMSIS/Include -I"C:/Users/rico/Documents/Elektrotechniek/Jaar 4/Afstudeerstage/project/Software/Personcounter/cortex_m4/rss/include" -I"C:/Users/rico/Documents/Elektrotechniek/Jaar 4/Afstudeerstage/project/Software/Personcounter/cortex_m4/integration" -I"C:/Users/rico/Documents/Elektrotechniek/Jaar 4/Afstudeerstage/project/Software/Personcounter/cortex_m4/examples" -O0 -ffunction-sections -fdata-sections -Wall -fstack-usage -fcyclomatic-complexity -MMD -MP -MF"Core/Src/main.d" -MT"Core/Src/main.o" --specs=nano.specs -mfpu=fpv4-sp-d16 -mfloat-abi=hard -mthumb -o "Core/Src/main.o"
../Core/Src/main.c: In function 'main':
../Core/Src/main.c:140:37: warning: unused variable 'result_info2' [-Wunused-variable]
  140 |  acc_service_envelope_result_info_t result_info2;
      |                                     ^~~~~~~~~~~~
../Core/Src/main.c:138:11: warning: unused variable 'data2' [-Wunused-variable]
  138 |  uint16_t data2[envelope_metadata.data_length];
      |           ^~~~~
arm-none-eabi-gcc -o "Personcounter.elf" @"objects.list"  -lacconeer -mcpu=cortex-m4 -T"C:\Users\rico\Documents\Elektrotechniek\Jaar 4\Afstudeerstage\project\Software\Personcounter\STM32F303RETX_FLASH.ld" --specs=nosys.specs -Wl,-Map="Personcounter.map" -Wl,--gc-sections -static -L"C:\Users\rico\Documents\Elektrotechniek\Jaar 4\Afstudeerstage\project\Software\Personcounter\cortex_m4\rss\lib" --specs=nano.specs -mfpu=fpv4-sp-d16 -mfloat-abi=hard -mthumb -Wl,--start-group -lc -lm -Wl,--end-group
Finished building target: Personcounter.elf
 
arm-none-eabi-size   Personcounter.elf 
arm-none-eabi-objdump -h -S  Personcounter.elf  > "Personcounter.list"
   text	   data	    bss	    dec	    hex	filename
  83732	    408	   2144	  86284	  1510c	Personcounter.elf
Finished building: default.size.stdout
 
Finished building: Personcounter.list
 
15:18:37 **** Incremental Build of configuration Debug for project Personcounter ****
make -j8 all 
arm-none-eabi-size   Personcounter.elf 
   text	   data	    bss	    dec	    hex	filename
  83732	    408	   2144	  86284	  1510c	Personcounter.elf
Finished building: default.size.stdout
 
15:19:01 **** Incremental Build of configuration Debug for project Personcounter ****
make -j8 all 
arm-none-eabi-size   Personcounter.elf 
   text	   data	    bss	    dec	    hex	filename
  83732	    408	   2144	  86284	  1510c	Personcounter.elf
Finished building: default.size.stdout
 
15:19:23 **** Incremental Build of configuration Debug for project Personcounter ****
make -j8 all 
arm-none-eabi-size   Personcounter.elf 
   text	   data	    bss	    dec	    hex	filename
  83732	    408	   2144	  86284	  1510c	Personcounter.elf
Finished building: default.size.stdout
 
15:19:53 **** Incremental Build of configuration Debug for project Personcounter ****
make -j8 all 
arm-none-eabi-size   Personcounter.elf 
   text	   data	    bss	    dec	    hex	filename
  83732	    408	   2144	  86284	  1510c	Personcounter.elf
Finished building: default.size.stdout
 
15:31:36 **** Incremental Build of configuration Debug for project Personcounter ****
make -j8 all 
arm-none-eabi-gcc "../Core/Src/main.c" -mcpu=cortex-m4 -std=gnu99 -g3 -DDEBUG -DUSE_HAL_DRIVER -DSTM32F303xE -c -I../Core/Inc -I../Drivers/STM32F3xx_HAL_Driver/Inc -I../Drivers/STM32F3xx_HAL_Driver/Inc/Legacy -I../Drivers/CMSIS/Device/ST/STM32F3xx/Include -I../Drivers/CMSIS/Include -I"C:/Users/rico/Documents/Elektrotechniek/Jaar 4/Afstudeerstage/project/Software/Personcounter/cortex_m4/rss/include" -I"C:/Users/rico/Documents/Elektrotechniek/Jaar 4/Afstudeerstage/project/Software/Personcounter/cortex_m4/integration" -I"C:/Users/rico/Documents/Elektrotechniek/Jaar 4/Afstudeerstage/project/Software/Personcounter/cortex_m4/examples" -O0 -ffunction-sections -fdata-sections -Wall -fstack-usage -fcyclomatic-complexity -MMD -MP -MF"Core/Src/main.d" -MT"Core/Src/main.o" --specs=nano.specs -mfpu=fpv4-sp-d16 -mfloat-abi=hard -mthumb -o "Core/Src/main.o"
../Core/Src/main.c: In function 'main':
../Core/Src/main.c:140:37: warning: unused variable 'result_info2' [-Wunused-variable]
  140 |  acc_service_envelope_result_info_t result_info2;
      |                                     ^~~~~~~~~~~~
../Core/Src/main.c:138:11: warning: unused variable 'data2' [-Wunused-variable]
  138 |  uint16_t data2[envelope_metadata.data_length];
      |           ^~~~~
arm-none-eabi-gcc -o "Personcounter.elf" @"objects.list"  -lacconeer -mcpu=cortex-m4 -T"C:\Users\rico\Documents\Elektrotechniek\Jaar 4\Afstudeerstage\project\Software\Personcounter\STM32F303RETX_FLASH.ld" --specs=nosys.specs -Wl,-Map="Personcounter.map" -Wl,--gc-sections -static -L"C:\Users\rico\Documents\Elektrotechniek\Jaar 4\Afstudeerstage\project\Software\Personcounter\cortex_m4\rss\lib" --specs=nano.specs -mfpu=fpv4-sp-d16 -mfloat-abi=hard -mthumb -Wl,--start-group -lc -lm -Wl,--end-group
Finished building target: Personcounter.elf
 
arm-none-eabi-size   Personcounter.elf 
arm-none-eabi-objdump -h -S  Personcounter.elf  > "Personcounter.list"
   text	   data	    bss	    dec	    hex	filename
  83428	    408	   2144	  85980	  14fdc	Personcounter.elf
Finished building: default.size.stdout
 
Finished building: Personcounter.list
 
15:41:06 **** Incremental Build of configuration Debug for project Personcounter ****
make -j8 all 
arm-none-eabi-gcc "../Core/Src/main.c" -mcpu=cortex-m4 -std=gnu99 -g3 -DDEBUG -DUSE_HAL_DRIVER -DSTM32F303xE -c -I../Core/Inc -I../Drivers/STM32F3xx_HAL_Driver/Inc -I../Drivers/STM32F3xx_HAL_Driver/Inc/Legacy -I../Drivers/CMSIS/Device/ST/STM32F3xx/Include -I../Drivers/CMSIS/Include -I"C:/Users/rico/Documents/Elektrotechniek/Jaar 4/Afstudeerstage/project/Software/Personcounter/cortex_m4/rss/include" -I"C:/Users/rico/Documents/Elektrotechniek/Jaar 4/Afstudeerstage/project/Software/Personcounter/cortex_m4/integration" -I"C:/Users/rico/Documents/Elektrotechniek/Jaar 4/Afstudeerstage/project/Software/Personcounter/cortex_m4/examples" -O0 -ffunction-sections -fdata-sections -Wall -fstack-usage -fcyclomatic-complexity -MMD -MP -MF"Core/Src/main.d" -MT"Core/Src/main.o" --specs=nano.specs -mfpu=fpv4-sp-d16 -mfloat-abi=hard -mthumb -o "Core/Src/main.o"
../Core/Src/main.c: In function 'main':
../Core/Src/main.c:140:37: warning: unused variable 'result_info2' [-Wunused-variable]
  140 |  acc_service_envelope_result_info_t result_info2;
      |                                     ^~~~~~~~~~~~
../Core/Src/main.c:138:11: warning: unused variable 'data2' [-Wunused-variable]
  138 |  uint16_t data2[envelope_metadata.data_length];
      |           ^~~~~
arm-none-eabi-gcc -o "Personcounter.elf" @"objects.list"  -lacconeer -mcpu=cortex-m4 -T"C:\Users\rico\Documents\Elektrotechniek\Jaar 4\Afstudeerstage\project\Software\Personcounter\STM32F303RETX_FLASH.ld" --specs=nosys.specs -Wl,-Map="Personcounter.map" -Wl,--gc-sections -static -L"C:\Users\rico\Documents\Elektrotechniek\Jaar 4\Afstudeerstage\project\Software\Personcounter\cortex_m4\rss\lib" --specs=nano.specs -mfpu=fpv4-sp-d16 -mfloat-abi=hard -mthumb -Wl,--start-group -lc -lm -Wl,--end-group
Finished building target: Personcounter.elf
 
arm-none-eabi-size   Personcounter.elf 
arm-none-eabi-objdump -h -S  Personcounter.elf  > "Personcounter.list"
   text	   data	    bss	    dec	    hex	filename
  83740	    408	   2144	  86292	  15114	Personcounter.elf
Finished building: default.size.stdout
 
Finished building: Personcounter.list
 
15:46:03 **** Incremental Build of configuration Debug for project Personcounter ****
make -j8 all 
arm-none-eabi-gcc "../Core/Src/main.c" -mcpu=cortex-m4 -std=gnu99 -g3 -DDEBUG -DUSE_HAL_DRIVER -DSTM32F303xE -c -I../Core/Inc -I../Drivers/STM32F3xx_HAL_Driver/Inc -I../Drivers/STM32F3xx_HAL_Driver/Inc/Legacy -I../Drivers/CMSIS/Device/ST/STM32F3xx/Include -I../Drivers/CMSIS/Include -I"C:/Users/rico/Documents/Elektrotechniek/Jaar 4/Afstudeerstage/project/Software/Personcounter/cortex_m4/rss/include" -I"C:/Users/rico/Documents/Elektrotechniek/Jaar 4/Afstudeerstage/project/Software/Personcounter/cortex_m4/integration" -I"C:/Users/rico/Documents/Elektrotechniek/Jaar 4/Afstudeerstage/project/Software/Personcounter/cortex_m4/examples" -O0 -ffunction-sections -fdata-sections -Wall -fstack-usage -fcyclomatic-complexity -MMD -MP -MF"Core/Src/main.d" -MT"Core/Src/main.o" --specs=nano.specs -mfpu=fpv4-sp-d16 -mfloat-abi=hard -mthumb -o "Core/Src/main.o"
../Core/Src/main.c: In function 'main':
../Core/Src/main.c:140:37: warning: unused variable 'result_info2' [-Wunused-variable]
  140 |  acc_service_envelope_result_info_t result_info2;
      |                                     ^~~~~~~~~~~~
../Core/Src/main.c:138:11: warning: unused variable 'data2' [-Wunused-variable]
  138 |  uint16_t data2[envelope_metadata.data_length];
      |           ^~~~~
arm-none-eabi-gcc -o "Personcounter.elf" @"objects.list"  -lacconeer -mcpu=cortex-m4 -T"C:\Users\rico\Documents\Elektrotechniek\Jaar 4\Afstudeerstage\project\Software\Personcounter\STM32F303RETX_FLASH.ld" --specs=nosys.specs -Wl,-Map="Personcounter.map" -Wl,--gc-sections -static -L"C:\Users\rico\Documents\Elektrotechniek\Jaar 4\Afstudeerstage\project\Software\Personcounter\cortex_m4\rss\lib" --specs=nano.specs -mfpu=fpv4-sp-d16 -mfloat-abi=hard -mthumb -Wl,--start-group -lc -lm -Wl,--end-group
Finished building target: Personcounter.elf
 
arm-none-eabi-size   Personcounter.elf 
arm-none-eabi-objdump -h -S  Personcounter.elf  > "Personcounter.list"
   text	   data	    bss	    dec	    hex	filename
  83436	    408	   2144	  85988	  14fe4	Personcounter.elf
Finished building: default.size.stdout
 
Finished building: Personcounter.list
 
15:46:25 **** Incremental Build of configuration Debug for project Personcounter ****
make -j8 all 
arm-none-eabi-size   Personcounter.elf 
   text	   data	    bss	    dec	    hex	filename
  83436	    408	   2144	  85988	  14fe4	Personcounter.elf
Finished building: default.size.stdout
 
15:49:34 **** Incremental Build of configuration Debug for project Personcounter ****
make -j8 all 
arm-none-eabi-gcc "../Core/Src/main.c" -mcpu=cortex-m4 -std=gnu99 -g3 -DDEBUG -DUSE_HAL_DRIVER -DSTM32F303xE -c -I../Core/Inc -I../Drivers/STM32F3xx_HAL_Driver/Inc -I../Drivers/STM32F3xx_HAL_Driver/Inc/Legacy -I../Drivers/CMSIS/Device/ST/STM32F3xx/Include -I../Drivers/CMSIS/Include -I"C:/Users/rico/Documents/Elektrotechniek/Jaar 4/Afstudeerstage/project/Software/Personcounter/cortex_m4/rss/include" -I"C:/Users/rico/Documents/Elektrotechniek/Jaar 4/Afstudeerstage/project/Software/Personcounter/cortex_m4/integration" -I"C:/Users/rico/Documents/Elektrotechniek/Jaar 4/Afstudeerstage/project/Software/Personcounter/cortex_m4/examples" -O0 -ffunction-sections -fdata-sections -Wall -fstack-usage -fcyclomatic-complexity -MMD -MP -MF"Core/Src/main.d" -MT"Core/Src/main.o" --specs=nano.specs -mfpu=fpv4-sp-d16 -mfloat-abi=hard -mthumb -o "Core/Src/main.o"
../Core/Src/main.c: In function 'main':
../Core/Src/main.c:141:37: warning: unused variable 'result_info2' [-Wunused-variable]
  141 |  acc_service_envelope_result_info_t result_info2;
      |                                     ^~~~~~~~~~~~
../Core/Src/main.c:139:11: warning: unused variable 'data2' [-Wunused-variable]
  139 |  uint16_t data2[envelope_metadata.data_length];
      |           ^~~~~
arm-none-eabi-gcc -o "Personcounter.elf" @"objects.list"  -lacconeer -mcpu=cortex-m4 -T"C:\Users\rico\Documents\Elektrotechniek\Jaar 4\Afstudeerstage\project\Software\Personcounter\STM32F303RETX_FLASH.ld" --specs=nosys.specs -Wl,-Map="Personcounter.map" -Wl,--gc-sections -static -L"C:\Users\rico\Documents\Elektrotechniek\Jaar 4\Afstudeerstage\project\Software\Personcounter\cortex_m4\rss\lib" --specs=nano.specs -mfpu=fpv4-sp-d16 -mfloat-abi=hard -mthumb -Wl,--start-group -lc -lm -Wl,--end-group
Finished building target: Personcounter.elf
 
arm-none-eabi-size   Personcounter.elf 
arm-none-eabi-objdump -h -S  Personcounter.elf  > "Personcounter.list"
   text	   data	    bss	    dec	    hex	filename
  83436	    408	   2144	  85988	  14fe4	Personcounter.elf
Finished building: default.size.stdout
 
Finished building: Personcounter.list
 
09:24:28 **** Incremental Build of configuration Debug for project Personcounter ****
make -j8 all 
arm-none-eabi-gcc "../Core/Src/acc_hal_integration_stm32cube_2x_sparkfun_a111.c" -mcpu=cortex-m4 -std=gnu99 -g3 -DDEBUG -DUSE_HAL_DRIVER -DSTM32F303xE -c -I../Core/Inc -I../Drivers/STM32F3xx_HAL_Driver/Inc -I../Drivers/STM32F3xx_HAL_Driver/Inc/Legacy -I../Drivers/CMSIS/Device/ST/STM32F3xx/Include -I../Drivers/CMSIS/Include -I"C:/Users/rico/Documents/Elektrotechniek/Jaar 4/Afstudeerstage/project/Software/Personcounter/cortex_m4/rss/include" -I"C:/Users/rico/Documents/Elektrotechniek/Jaar 4/Afstudeerstage/project/Software/Personcounter/cortex_m4/integration" -I"C:/Users/rico/Documents/Elektrotechniek/Jaar 4/Afstudeerstage/project/Software/Personcounter/cortex_m4/examples" -O0 -ffunction-sections -fdata-sections -Wall -fstack-usage -fcyclomatic-complexity -MMD -MP -MF"Core/Src/acc_hal_integration_stm32cube_2x_sparkfun_a111.d" -MT"Core/Src/acc_hal_integration_stm32cube_2x_sparkfun_a111.o" --specs=nano.specs -mfpu=fpv4-sp-d16 -mfloat-abi=hard -mthumb -o "Core/Src/acc_hal_integration_stm32cube_2x_sparkfun_a111.o"
arm-none-eabi-gcc "../Core/Src/acc_integration_stm32.c" -mcpu=cortex-m4 -std=gnu99 -g3 -DDEBUG -DUSE_HAL_DRIVER -DSTM32F303xE -c -I../Core/Inc -I../Drivers/STM32F3xx_HAL_Driver/Inc -I../Drivers/STM32F3xx_HAL_Driver/Inc/Legacy -I../Drivers/CMSIS/Device/ST/STM32F3xx/Include -I../Drivers/CMSIS/Include -I"C:/Users/rico/Documents/Elektrotechniek/Jaar 4/Afstudeerstage/project/Software/Personcounter/cortex_m4/rss/include" -I"C:/Users/rico/Documents/Elektrotechniek/Jaar 4/Afstudeerstage/project/Software/Personcounter/cortex_m4/integration" -I"C:/Users/rico/Documents/Elektrotechniek/Jaar 4/Afstudeerstage/project/Software/Personcounter/cortex_m4/examples" -O0 -ffunction-sections -fdata-sections -Wall -fstack-usage -fcyclomatic-complexity -MMD -MP -MF"Core/Src/acc_integration_stm32.d" -MT"Core/Src/acc_integration_stm32.o" --specs=nano.specs -mfpu=fpv4-sp-d16 -mfloat-abi=hard -mthumb -o "Core/Src/acc_integration_stm32.o"
arm-none-eabi-gcc "../Core/Src/data.c" -mcpu=cortex-m4 -std=gnu99 -g3 -DDEBUG -DUSE_HAL_DRIVER -DSTM32F303xE -c -I../Core/Inc -I../Drivers/STM32F3xx_HAL_Driver/Inc -I../Drivers/STM32F3xx_HAL_Driver/Inc/Legacy -I../Drivers/CMSIS/Device/ST/STM32F3xx/Include -I../Drivers/CMSIS/Include -I"C:/Users/rico/Documents/Elektrotechniek/Jaar 4/Afstudeerstage/project/Software/Personcounter/cortex_m4/rss/include" -I"C:/Users/rico/Documents/Elektrotechniek/Jaar 4/Afstudeerstage/project/Software/Personcounter/cortex_m4/integration" -I"C:/Users/rico/Documents/Elektrotechniek/Jaar 4/Afstudeerstage/project/Software/Personcounter/cortex_m4/examples" -O0 -ffunction-sections -fdata-sections -Wall -fstack-usage -fcyclomatic-complexity -MMD -MP -MF"Core/Src/data.d" -MT"Core/Src/data.o" --specs=nano.specs -mfpu=fpv4-sp-d16 -mfloat-abi=hard -mthumb -o "Core/Src/data.o"
arm-none-eabi-gcc "../Core/Src/logic.c" -mcpu=cortex-m4 -std=gnu99 -g3 -DDEBUG -DUSE_HAL_DRIVER -DSTM32F303xE -c -I../Core/Inc -I../Drivers/STM32F3xx_HAL_Driver/Inc -I../Drivers/STM32F3xx_HAL_Driver/Inc/Legacy -I../Drivers/CMSIS/Device/ST/STM32F3xx/Include -I../Drivers/CMSIS/Include -I"C:/Users/rico/Documents/Elektrotechniek/Jaar 4/Afstudeerstage/project/Software/Personcounter/cortex_m4/rss/include" -I"C:/Users/rico/Documents/Elektrotechniek/Jaar 4/Afstudeerstage/project/Software/Personcounter/cortex_m4/integration" -I"C:/Users/rico/Documents/Elektrotechniek/Jaar 4/Afstudeerstage/project/Software/Personcounter/cortex_m4/examples" -O0 -ffunction-sections -fdata-sections -Wall -fstack-usage -fcyclomatic-complexity -MMD -MP -MF"Core/Src/logic.d" -MT"Core/Src/logic.o" --specs=nano.specs -mfpu=fpv4-sp-d16 -mfloat-abi=hard -mthumb -o "Core/Src/logic.o"
arm-none-eabi-gcc "../Core/Src/main.c" -mcpu=cortex-m4 -std=gnu99 -g3 -DDEBUG -DUSE_HAL_DRIVER -DSTM32F303xE -c -I../Core/Inc -I../Drivers/STM32F3xx_HAL_Driver/Inc -I../Drivers/STM32F3xx_HAL_Driver/Inc/Legacy -I../Drivers/CMSIS/Device/ST/STM32F3xx/Include -I../Drivers/CMSIS/Include -I"C:/Users/rico/Documents/Elektrotechniek/Jaar 4/Afstudeerstage/project/Software/Personcounter/cortex_m4/rss/include" -I"C:/Users/rico/Documents/Elektrotechniek/Jaar 4/Afstudeerstage/project/Software/Personcounter/cortex_m4/integration" -I"C:/Users/rico/Documents/Elektrotechniek/Jaar 4/Afstudeerstage/project/Software/Personcounter/cortex_m4/examples" -O0 -ffunction-sections -fdata-sections -Wall -fstack-usage -fcyclomatic-complexity -MMD -MP -MF"Core/Src/main.d" -MT"Core/Src/main.o" --specs=nano.specs -mfpu=fpv4-sp-d16 -mfloat-abi=hard -mthumb -o "Core/Src/main.o"
arm-none-eabi-gcc "../Core/Src/stm32f3xx_hal_msp.c" -mcpu=cortex-m4 -std=gnu99 -g3 -DDEBUG -DUSE_HAL_DRIVER -DSTM32F303xE -c -I../Core/Inc -I../Drivers/STM32F3xx_HAL_Driver/Inc -I../Drivers/STM32F3xx_HAL_Driver/Inc/Legacy -I../Drivers/CMSIS/Device/ST/STM32F3xx/Include -I../Drivers/CMSIS/Include -I"C:/Users/rico/Documents/Elektrotechniek/Jaar 4/Afstudeerstage/project/Software/Personcounter/cortex_m4/rss/include" -I"C:/Users/rico/Documents/Elektrotechniek/Jaar 4/Afstudeerstage/project/Software/Personcounter/cortex_m4/integration" -I"C:/Users/rico/Documents/Elektrotechniek/Jaar 4/Afstudeerstage/project/Software/Personcounter/cortex_m4/examples" -O0 -ffunction-sections -fdata-sections -Wall -fstack-usage -fcyclomatic-complexity -MMD -MP -MF"Core/Src/stm32f3xx_hal_msp.d" -MT"Core/Src/stm32f3xx_hal_msp.o" --specs=nano.specs -mfpu=fpv4-sp-d16 -mfloat-abi=hard -mthumb -o "Core/Src/stm32f3xx_hal_msp.o"
arm-none-eabi-gcc "../Core/Src/stm32f3xx_it.c" -mcpu=cortex-m4 -std=gnu99 -g3 -DDEBUG -DUSE_HAL_DRIVER -DSTM32F303xE -c -I../Core/Inc -I../Drivers/STM32F3xx_HAL_Driver/Inc -I../Drivers/STM32F3xx_HAL_Driver/Inc/Legacy -I../Drivers/CMSIS/Device/ST/STM32F3xx/Include -I../Drivers/CMSIS/Include -I"C:/Users/rico/Documents/Elektrotechniek/Jaar 4/Afstudeerstage/project/Software/Personcounter/cortex_m4/rss/include" -I"C:/Users/rico/Documents/Elektrotechniek/Jaar 4/Afstudeerstage/project/Software/Personcounter/cortex_m4/integration" -I"C:/Users/rico/Documents/Elektrotechniek/Jaar 4/Afstudeerstage/project/Software/Personcounter/cortex_m4/examples" -O0 -ffunction-sections -fdata-sections -Wall -fstack-usage -fcyclomatic-complexity -MMD -MP -MF"Core/Src/stm32f3xx_it.d" -MT"Core/Src/stm32f3xx_it.o" --specs=nano.specs -mfpu=fpv4-sp-d16 -mfloat-abi=hard -mthumb -o "Core/Src/stm32f3xx_it.o"
../Core/Src/main.c: In function 'main':
../Core/Src/main.c:141:37: warning: unused variable 'result_info2' [-Wunused-variable]
  141 |  acc_service_envelope_result_info_t result_info2;
      |                                     ^~~~~~~~~~~~
../Core/Src/main.c:139:11: warning: unused variable 'data2' [-Wunused-variable]
  139 |  uint16_t data2[envelope_metadata.data_length];
      |           ^~~~~
arm-none-eabi-gcc -o "Personcounter.elf" @"objects.list"  -lacconeer -mcpu=cortex-m4 -T"C:\Users\rico\Documents\Elektrotechniek\Jaar 4\Afstudeerstage\project\Software\Personcounter\STM32F303RETX_FLASH.ld" --specs=nosys.specs -Wl,-Map="Personcounter.map" -Wl,--gc-sections -static -L"C:\Users\rico\Documents\Elektrotechniek\Jaar 4\Afstudeerstage\project\Software\Personcounter\cortex_m4\rss\lib" --specs=nano.specs -mfpu=fpv4-sp-d16 -mfloat-abi=hard -mthumb -Wl,--start-group -lc -lm -Wl,--end-group
Finished building target: Personcounter.elf
 
arm-none-eabi-size   Personcounter.elf 
arm-none-eabi-objdump -h -S  Personcounter.elf  > "Personcounter.list"
   text	   data	    bss	    dec	    hex	filename
  83428	    408	   2144	  85980	  14fdc	Personcounter.elf
Finished building: default.size.stdout
 
Finished building: Personcounter.list
 
09:49:04 **** Incremental Build of configuration Debug for project Personcounter ****
make -j8 all 
arm-none-eabi-size   Personcounter.elf 
   text	   data	    bss	    dec	    hex	filename
  83428	    408	   2144	  85980	  14fdc	Personcounter.elf
Finished building: default.size.stdout
 
10:59:48 **** Incremental Build of configuration Debug for project Personcounter ****
make -j8 all 
arm-none-eabi-gcc "../Core/Src/main.c" -mcpu=cortex-m4 -std=gnu99 -g3 -DDEBUG -DUSE_HAL_DRIVER -DSTM32F303xE -c -I../Core/Inc -I../Drivers/STM32F3xx_HAL_Driver/Inc -I../Drivers/STM32F3xx_HAL_Driver/Inc/Legacy -I../Drivers/CMSIS/Device/ST/STM32F3xx/Include -I../Drivers/CMSIS/Include -I"C:/Users/rico/Documents/Elektrotechniek/Jaar 4/Afstudeerstage/project/Software/Personcounter/cortex_m4/rss/include" -I"C:/Users/rico/Documents/Elektrotechniek/Jaar 4/Afstudeerstage/project/Software/Personcounter/cortex_m4/integration" -I"C:/Users/rico/Documents/Elektrotechniek/Jaar 4/Afstudeerstage/project/Software/Personcounter/cortex_m4/examples" -O0 -ffunction-sections -fdata-sections -Wall -fstack-usage -fcyclomatic-complexity -MMD -MP -MF"Core/Src/main.d" -MT"Core/Src/main.o" --specs=nano.specs -mfpu=fpv4-sp-d16 -mfloat-abi=hard -mthumb -o "Core/Src/main.o"
../Core/Src/main.c: In function 'main':
../Core/Src/main.c:141:37: warning: unused variable 'result_info2' [-Wunused-variable]
  141 |  acc_service_envelope_result_info_t result_info2;
      |                                     ^~~~~~~~~~~~
../Core/Src/main.c:140:37: warning: unused variable 'result_info1' [-Wunused-variable]
  140 |  acc_service_envelope_result_info_t result_info1;
      |                                     ^~~~~~~~~~~~
../Core/Src/main.c:139:11: warning: unused variable 'data2' [-Wunused-variable]
  139 |  uint16_t data2[envelope_metadata.data_length];
      |           ^~~~~
arm-none-eabi-gcc -o "Personcounter.elf" @"objects.list"  -lacconeer -mcpu=cortex-m4 -T"C:\Users\rico\Documents\Elektrotechniek\Jaar 4\Afstudeerstage\project\Software\Personcounter\STM32F303RETX_FLASH.ld" --specs=nosys.specs -Wl,-Map="Personcounter.map" -Wl,--gc-sections -static -L"C:\Users\rico\Documents\Elektrotechniek\Jaar 4\Afstudeerstage\project\Software\Personcounter\cortex_m4\rss\lib" --specs=nano.specs -mfpu=fpv4-sp-d16 -mfloat-abi=hard -mthumb -Wl,--start-group -lc -lm -Wl,--end-group
Finished building target: Personcounter.elf
 
arm-none-eabi-size   Personcounter.elf 
arm-none-eabi-objdump -h -S  Personcounter.elf  > "Personcounter.list"
   text	   data	    bss	    dec	    hex	filename
  83012	    408	   2144	  85564	  14e3c	Personcounter.elf
Finished building: default.size.stdout
 
Finished building: Personcounter.list
 
11:04:14 **** Incremental Build of configuration Debug for project Personcounter ****
make -j8 all 
arm-none-eabi-gcc "../Core/Src/main.c" -mcpu=cortex-m4 -std=gnu99 -g3 -DDEBUG -DUSE_HAL_DRIVER -DSTM32F303xE -c -I../Core/Inc -I../Drivers/STM32F3xx_HAL_Driver/Inc -I../Drivers/STM32F3xx_HAL_Driver/Inc/Legacy -I../Drivers/CMSIS/Device/ST/STM32F3xx/Include -I../Drivers/CMSIS/Include -I"C:/Users/rico/Documents/Elektrotechniek/Jaar 4/Afstudeerstage/project/Software/Personcounter/cortex_m4/rss/include" -I"C:/Users/rico/Documents/Elektrotechniek/Jaar 4/Afstudeerstage/project/Software/Personcounter/cortex_m4/integration" -I"C:/Users/rico/Documents/Elektrotechniek/Jaar 4/Afstudeerstage/project/Software/Personcounter/cortex_m4/examples" -O0 -ffunction-sections -fdata-sections -Wall -fstack-usage -fcyclomatic-complexity -MMD -MP -MF"Core/Src/main.d" -MT"Core/Src/main.o" --specs=nano.specs -mfpu=fpv4-sp-d16 -mfloat-abi=hard -mthumb -o "Core/Src/main.o"
arm-none-eabi-gcc -o "Personcounter.elf" @"objects.list"  -lacconeer -mcpu=cortex-m4 -T"C:\Users\rico\Documents\Elektrotechniek\Jaar 4\Afstudeerstage\project\Software\Personcounter\STM32F303RETX_FLASH.ld" --specs=nosys.specs -Wl,-Map="Personcounter.map" -Wl,--gc-sections -static -L"C:\Users\rico\Documents\Elektrotechniek\Jaar 4\Afstudeerstage\project\Software\Personcounter\cortex_m4\rss\lib" --specs=nano.specs -mfpu=fpv4-sp-d16 -mfloat-abi=hard -mthumb -Wl,--start-group -lc -lm -Wl,--end-group
Finished building target: Personcounter.elf
 
arm-none-eabi-size   Personcounter.elf 
arm-none-eabi-objdump -h -S  Personcounter.elf  > "Personcounter.list"
   text	   data	    bss	    dec	    hex	filename
  55388	    432	   2144	  57964	   e26c	Personcounter.elf
Finished building: default.size.stdout
 
Finished building: Personcounter.list
 
