11:04:14 **** Incremental Build of configuration Debug for project Personcounter ****
make -j8 all 
arm-none-eabi-gcc "../Core/Src/main.c" -mcpu=cortex-m4 -std=gnu99 -g3 -DDEBUG -DUSE_HAL_DRIVER -DSTM32F303xE -c -I../Core/Inc -I../Drivers/STM32F3xx_HAL_Driver/Inc -I../Drivers/STM32F3xx_HAL_Driver/Inc/Legacy -I../Drivers/CMSIS/Device/ST/STM32F3xx/Include -I../Drivers/CMSIS/Include -I"C:/Users/rico/Documents/Elektrotechniek/Jaar 4/Afstudeerstage/project/Software/Personcounter/cortex_m4/rss/include" -I"C:/Users/rico/Documents/Elektrotechniek/Jaar 4/Afstudeerstage/project/Software/Personcounter/cortex_m4/integration" -I"C:/Users/rico/Documents/Elektrotechniek/Jaar 4/Afstudeerstage/project/Software/Personcounter/cortex_m4/examples" -O0 -ffunction-sections -fdata-sections -Wall -fstack-usage -fcyclomatic-complexity -MMD -MP -MF"Core/Src/main.d" -MT"Core/Src/main.o" --specs=nano.specs -mfpu=fpv4-sp-d16 -mfloat-abi=hard -mthumb -o "Core/Src/main.o"
arm-none-eabi-gcc -o "Personcounter.elf" @"objects.list"  -lacconeer -mcpu=cortex-m4 -T"C:\Users\rico\Documents\Elektrotechniek\Jaar 4\Afstudeerstage\project\Software\Personcounter\STM32F303RETX_FLASH.ld" --specs=nosys.specs -Wl,-Map="Personcounter.map" -Wl,--gc-sections -static -L"C:\Users\rico\Documents\Elektrotechniek\Jaar 4\Afstudeerstage\project\Software\Personcounter\cortex_m4\rss\lib" --specs=nano.specs -mfpu=fpv4-sp-d16 -mfloat-abi=hard -mthumb -Wl,--start-group -lc -lm -Wl,--end-group
Finished building target: Personcounter.elf
 
arm-none-eabi-size   Personcounter.elf 
arm-none-eabi-objdump -h -S  Personcounter.elf  > "Personcounter.list"
   text	   data	    bss	    dec	    hex	filename
  55388	    432	   2144	  57964	   e26c	Personcounter.elf
Finished building: default.size.stdout
 
Finished building: Personcounter.list
 

11:04:15 Build Finished. 0 errors, 0 warnings. (took 1s.665ms)

